00000: BLOCK
00001: DOOP
00003: BLOCK
00006: DOOP
00008: BLOCK
00011: DOOP
00013: BLOCK
00016: DOOP
00018: BLOCK
00021: DOOP
00026: BLOCK
00029: DOOP
00033: BLOCK
00036: DOOP
00040: BLOCK
00043: DOOP
00047: BLOCK
00054: HALT

DOOP count : 8
DOOP time  : 25
BLOCK count: 9
BLOCK time : 29
