00000: DOOP
00002: DOOP
00004: DOOP
00006: DOOP
00008: BLOCK
00011: BLOCK
00014: BLOCK
00017: HALT

DOOP count : 4
DOOP time  : 8
BLOCK count: 3
BLOCK time : 9
