00000: DOOP
00003: BLOCK
00008: HALT

DOOP count : 1
DOOP time  : 3
BLOCK count: 1
BLOCK time : 5
