00000: BLOCK
00001: DOOP
00003: DOOP
00005: DOOP
00007: DOOP
00009: DOOP
00014: BLOCK
00017: BLOCK
00020: BLOCK
00023: BLOCK
00030: HALT

DOOP count : 5
DOOP time  : 13
BLOCK count: 5
BLOCK time : 17
