00000: DOOP
00001: DOOP
00002: DOOP
00003: DOOP
00004: DOOP
00005: DOOP
00006: DOOP
00007: DOOP
00008: DOOP
00009: DOOP
00010: DOOP
00011: DOOP
00012: HALT

DOOP count : 12
DOOP time  : 12
BLOCK count: 0
BLOCK time : 0
