00000: BLOCK
00001: DOOP
00003: DOOP
00005: DOOP
00007: DOOP
00009: BLOCK
00010: HALT

DOOP count : 4
DOOP time  : 8
BLOCK count: 2
BLOCK time : 2
