00000: HALT

DOOP count : 0
DOOP time  : 0
BLOCK count: 0
BLOCK time : 0
