00000: BLOCK
00001: DOOP
00003: BLOCK
00006: DOOP
00008: BLOCK
00011: DOOP
00013: BLOCK
00016: DOOP
00018: BLOCK
00021: DOOP
00022: HALT

DOOP count : 5
DOOP time  : 9
BLOCK count: 5
BLOCK time : 13
