00000: BLOCK
00003: DOOP
00008: HALT

DOOP count : 1
DOOP time  : 5
BLOCK count: 1
BLOCK time : 3
