00000: DOOP
00001: DOOP
00003: BLOCK
00006: DOOP
00011: BLOCK
00018: DOOP
00023: BLOCK
00030: DOOP
00035: BLOCK
00042: DOOP
00047: BLOCK
00054: DOOP
00059: BLOCK
00066: DOOP
00071: BLOCK
00078: DOOP
00083: BLOCK
00090: DOOP
00095: BLOCK
00102: DOOP
00107: BLOCK
00114: DOOP
00119: BLOCK
00126: HALT

DOOP count : 12
DOOP time  : 53
BLOCK count: 11
BLOCK time : 73
